// Jest Snapshot v1, https://goo.gl/fbAQLP

exports[`JaaSMeeting component should render correctly 1`] = `
<JaaSMeeting
  appId="testAppId"
  height="700px"
  onApiReady={[Function]}
  roomName="DefaultRoomNameExample"
  width="100%"
>
  <JitsiMeeting
    domain="8x8.vc"
    height="700px"
    onApiReady={[Function]}
    roomName="testAppId/DefaultRoomNameExample"
    width="100%"
  >
    <div
      id="test"
      key="test"
    />
  </JitsiMeeting>
</JaaSMeeting>
`;
